------------------------------------------------------------
TimeQuest Timing Analyzer Summary
------------------------------------------------------------

Type  : Slow Model Setup 'PLL|altpll_component|pll|clk[0]'
Slack : -5.935
TNS   : -187.723

Type  : Slow Model Setup 'clk_system'
Slack : -5.213
TNS   : -719.355

Type  : Slow Model Setup 'dds_ram_wrclock'
Slack : -1.915
TNS   : -73.786

Type  : Slow Model Setup 'bus_in_step_to_next_value'
Slack : -1.111
TNS   : -6.584

Type  : Slow Model Setup 'clk_25'
Slack : 2.479
TNS   : 0.000

Type  : Slow Model Hold 'clk_25'
Slack : -2.209
TNS   : -2.209

Type  : Slow Model Hold 'clk_system'
Slack : -1.709
TNS   : -1.709

Type  : Slow Model Hold 'PLL|altpll_component|pll|clk[0]'
Slack : 0.391
TNS   : 0.000

Type  : Slow Model Hold 'bus_in_step_to_next_value'
Slack : 0.391
TNS   : 0.000

Type  : Slow Model Hold 'dds_ram_wrclock'
Slack : 0.590
TNS   : 0.000

Type  : Slow Model Minimum Pulse Width 'clk_system'
Slack : -1.880
TNS   : -648.840

Type  : Slow Model Minimum Pulse Width 'dds_ram_wrclock'
Slack : -1.880
TNS   : -481.280

Type  : Slow Model Minimum Pulse Width 'bus_in_step_to_next_value'
Slack : -1.222
TNS   : -10.222

Type  : Slow Model Minimum Pulse Width 'PLL|altpll_component|pll|clk[0]'
Slack : 4.000
TNS   : 0.000

Type  : Slow Model Minimum Pulse Width 'clk_25'
Slack : 19.000
TNS   : 0.000

Type  : Fast Model Setup 'PLL|altpll_component|pll|clk[0]'
Slack : -2.703
TNS   : -85.376

Type  : Fast Model Setup 'clk_system'
Slack : -2.207
TNS   : -234.233

Type  : Fast Model Setup 'dds_ram_wrclock'
Slack : -1.457
TNS   : -24.467

Type  : Fast Model Setup 'bus_in_step_to_next_value'
Slack : 0.048
TNS   : 0.000

Type  : Fast Model Setup 'clk_25'
Slack : 1.726
TNS   : 0.000

Type  : Fast Model Hold 'clk_25'
Slack : -1.346
TNS   : -1.346

Type  : Fast Model Hold 'clk_system'
Slack : -1.059
TNS   : -1.059

Type  : Fast Model Hold 'PLL|altpll_component|pll|clk[0]'
Slack : 0.215
TNS   : 0.000

Type  : Fast Model Hold 'bus_in_step_to_next_value'
Slack : 0.215
TNS   : 0.000

Type  : Fast Model Hold 'dds_ram_wrclock'
Slack : 0.507
TNS   : 0.000

Type  : Fast Model Minimum Pulse Width 'clk_system'
Slack : -1.880
TNS   : -648.840

Type  : Fast Model Minimum Pulse Width 'dds_ram_wrclock'
Slack : -1.880
TNS   : -481.280

Type  : Fast Model Minimum Pulse Width 'bus_in_step_to_next_value'
Slack : -1.222
TNS   : -10.222

Type  : Fast Model Minimum Pulse Width 'PLL|altpll_component|pll|clk[0]'
Slack : 4.000
TNS   : 0.000

Type  : Fast Model Minimum Pulse Width 'clk_25'
Slack : 19.000
TNS   : 0.000

------------------------------------------------------------
