C:\Users\lattice\Desktop\LabRAD\FPGA_firmware\Pulser_729_old\photon\photon.ngc 1344380320
C:\Users\lattice\Desktop\LabRAD\FPGA_firmware\Pulser_729_old\photon/dds_fifo.ngc 1344380030
C:\Users\lattice\Desktop\LabRAD\FPGA_firmware\Pulser_729_old\photon/okWireIn.ngc 1344380032
C:\Users\lattice\Desktop\LabRAD\FPGA_firmware\Pulser_729_old\photon/okTriggerIn.ngc 1344380032
C:\Users\lattice\Desktop\LabRAD\FPGA_firmware\Pulser_729_old\photon/okWireOut.ngc 1344380032
C:\Users\lattice\Desktop\LabRAD\FPGA_firmware\Pulser_729_old\photon/okBTPipeIn.ngc 1344380032
C:\Users\lattice\Desktop\LabRAD\FPGA_firmware\Pulser_729_old\photon/okBTPipeOut.ngc 1344380032
C:\Users\lattice\Desktop\LabRAD\FPGA_firmware\Pulser_729_old\photon/pulse_fifo.ngc 1344380032
C:\Users\lattice\Desktop\LabRAD\FPGA_firmware\Pulser_729_old\photon/fifo_photon.ngc 1344380030
C:\Users\lattice\Desktop\LabRAD\FPGA_firmware\Pulser_729_old\photon/normal_pmt_fifo.ngc 1344380032
ipcore_dir/readout_count_fifo.ngc 1344380032
C:\Users\lattice\Desktop\LabRAD\FPGA_firmware\Pulser_729_old\photon/pulser_ram.ngc 1344380032
C:\Users\lattice\Desktop\LabRAD\FPGA_firmware\Pulser_729_old\photon/okCoreHarness.ngc 1344380032
C:\Users\lattice\Desktop\LabRAD\FPGA_firmware\Pulser_729_old\photon/TFIFO64x8a_64x8b.ngc 1344380030
OK
