C:\Users\lattice\Desktop\LabRAD\lattice\FPGA_firmware\Pulser2_2013_02_28\pulser2\pulser.ngc 1362453124
ipcore_dir/fifo_dds_w16_2048_r16_2048.ngc 1361850936
C:\Users\lattice\Desktop\LabRAD\lattice\FPGA_firmware\Pulser2_2013_02_28\pulser2/okWireIn.ngc 1360188967
C:\Users\lattice\Desktop\LabRAD\lattice\FPGA_firmware\Pulser2_2013_02_28\pulser2/okTriggerIn.ngc 1360188967
C:\Users\lattice\Desktop\LabRAD\lattice\FPGA_firmware\Pulser2_2013_02_28\pulser2/okWireOut.ngc 1360188967
C:\Users\lattice\Desktop\LabRAD\lattice\FPGA_firmware\Pulser2_2013_02_28\pulser2/okBTPipeIn.ngc 1360188967
C:\Users\lattice\Desktop\LabRAD\lattice\FPGA_firmware\Pulser2_2013_02_28\pulser2/okPipeOut.ngc 1360188967
C:\Users\lattice\Desktop\LabRAD\lattice\FPGA_firmware\Pulser2_2013_02_28\pulser2/okBTPipeOut.ngc 1360188967
ipcore_dir/fifo_sdram_rd_w64_512_r16_2048.ngc 1361850713
ipcore_dir/fifo_pulse_seq_w16_1024_r64_256.ngc 1361851150
ipcore_dir/fifo_pmt_w32_1024_r16_2048.ngc 1361851391
ipcore_dir/fifo_sdram_wr_w32_1024_r64_512.ngc 1361850015
ipcore_dir/ram_pulser.ngc 1362006261
C:\Users\lattice\Desktop\LabRAD\lattice\FPGA_firmware\Pulser2_2013_02_28\pulser2/okCoreHarness.ngc 1360188967
C:\Users\lattice\Desktop\LabRAD\lattice\FPGA_firmware\Pulser2_2013_02_28\pulser2/TFIFO64x8a_64x8b.ngc 1329207640
OK
