C:\Users\lattice\Desktop\Photon_sd_ram_2012_05_10\Photon_sd_ram_2012_05_10\photon\photon.ngc 1340253547
C:\Users\lattice\Desktop\Photon_sd_ram_2012_05_10\Photon_sd_ram_2012_05_10\photon/dds_fifo.ngc 1340246047
C:\Users\lattice\Desktop\Photon_sd_ram_2012_05_10\Photon_sd_ram_2012_05_10\photon/okWireIn.ngc 1340241059
C:\Users\lattice\Desktop\Photon_sd_ram_2012_05_10\Photon_sd_ram_2012_05_10\photon/okTriggerIn.ngc 1340241062
C:\Users\lattice\Desktop\Photon_sd_ram_2012_05_10\Photon_sd_ram_2012_05_10\photon/okWireOut.ngc 1340241062
C:\Users\lattice\Desktop\Photon_sd_ram_2012_05_10\Photon_sd_ram_2012_05_10\photon/okBTPipeIn.ngc 1340241060
C:\Users\lattice\Desktop\Photon_sd_ram_2012_05_10\Photon_sd_ram_2012_05_10\photon/okBTPipeOut.ngc 1340241060
C:\Users\lattice\Desktop\Photon_sd_ram_2012_05_10\Photon_sd_ram_2012_05_10\photon/pulse_fifo.ngc 1340246434
C:\Users\lattice\Desktop\Photon_sd_ram_2012_05_10\Photon_sd_ram_2012_05_10\photon/fifo_photon.ngc 1340246228
C:\Users\lattice\Desktop\Photon_sd_ram_2012_05_10\Photon_sd_ram_2012_05_10\photon/normal_pmt_fifo.ngc 1340246331
C:\Users\lattice\Desktop\Photon_sd_ram_2012_05_10\Photon_sd_ram_2012_05_10\photon/pulser_ram.ngc 1340246492
C:\Users\lattice\Desktop\Photon_sd_ram_2012_05_10\Photon_sd_ram_2012_05_10\photon/okCoreHarness.ngc 1340241063
C:\Users\lattice\Desktop\Photon_sd_ram_2012_05_10\Photon_sd_ram_2012_05_10\photon/TFIFO64x8a_64x8b.ngc 1340241061
OK
