------------------------------------------------------------
TimeQuest Timing Analyzer Summary
------------------------------------------------------------

Type  : Slow Model Setup 'PLL|altpll_component|pll|clk[0]'
Slack : -6.029
TNS   : -196.506

Type  : Slow Model Setup 'clk_25'
Slack : -4.285
TNS   : -172.930

Type  : Slow Model Setup 'clk_system'
Slack : -2.164
TNS   : -220.583

Type  : Slow Model Setup 'dds_ram_wrclock'
Slack : -1.915
TNS   : -122.882

Type  : Slow Model Setup 'dds_step_to_next_freq_sampled'
Slack : -0.983
TNS   : -5.120

Type  : Slow Model Hold 'clk_25'
Slack : -2.208
TNS   : -2.208

Type  : Slow Model Hold 'clk_system'
Slack : -2.012
TNS   : -2.012

Type  : Slow Model Hold 'PLL|altpll_component|pll|clk[0]'
Slack : 0.057
TNS   : 0.000

Type  : Slow Model Hold 'dds_step_to_next_freq_sampled'
Slack : 0.391
TNS   : 0.000

Type  : Slow Model Hold 'dds_ram_wrclock'
Slack : 0.892
TNS   : 0.000

Type  : Slow Model Minimum Pulse Width 'clk_system'
Slack : -1.880
TNS   : -555.840

Type  : Slow Model Minimum Pulse Width 'dds_ram_wrclock'
Slack : -1.880
TNS   : -481.280

Type  : Slow Model Minimum Pulse Width 'dds_step_to_next_freq_sampled'
Slack : -0.500
TNS   : -9.000

Type  : Slow Model Minimum Pulse Width 'PLL|altpll_component|pll|clk[0]'
Slack : 4.000
TNS   : 0.000

Type  : Slow Model Minimum Pulse Width 'clk_25'
Slack : 19.000
TNS   : 0.000

Type  : Fast Model Setup 'PLL|altpll_component|pll|clk[0]'
Slack : -2.745
TNS   : -89.055

Type  : Fast Model Setup 'dds_ram_wrclock'
Slack : -1.457
TNS   : -38.159

Type  : Fast Model Setup 'clk_25'
Slack : -1.434
TNS   : -54.725

Type  : Fast Model Setup 'clk_system'
Slack : -0.979
TNS   : -65.198

Type  : Fast Model Setup 'dds_step_to_next_freq_sampled'
Slack : 0.093
TNS   : 0.000

Type  : Fast Model Hold 'clk_25'
Slack : -1.346
TNS   : -1.346

Type  : Fast Model Hold 'clk_system'
Slack : -1.199
TNS   : -1.199

Type  : Fast Model Hold 'PLL|altpll_component|pll|clk[0]'
Slack : 0.209
TNS   : 0.000

Type  : Fast Model Hold 'dds_step_to_next_freq_sampled'
Slack : 0.215
TNS   : 0.000

Type  : Fast Model Hold 'dds_ram_wrclock'
Slack : 0.646
TNS   : 0.000

Type  : Fast Model Minimum Pulse Width 'clk_system'
Slack : -1.880
TNS   : -555.840

Type  : Fast Model Minimum Pulse Width 'dds_ram_wrclock'
Slack : -1.880
TNS   : -481.280

Type  : Fast Model Minimum Pulse Width 'dds_step_to_next_freq_sampled'
Slack : -0.500
TNS   : -9.000

Type  : Fast Model Minimum Pulse Width 'PLL|altpll_component|pll|clk[0]'
Slack : 4.000
TNS   : 0.000

Type  : Fast Model Minimum Pulse Width 'clk_25'
Slack : 19.000
TNS   : 0.000

------------------------------------------------------------
