Release 14.1 - xst P.15xf (nt64)
Copyright (c) 1995-2012 Xilinx, Inc.  All rights reserved.
--> Parameter TMPDIR set to xst/projnav.tmp


Total REAL time to Xst completion: 0.00 secs
Total CPU time to Xst completion: 0.14 secs
 
--> Parameter xsthdpdir set to xst


Total REAL time to Xst completion: 0.00 secs
Total CPU time to Xst completion: 0.14 secs
 
--> Reading design: photon.prj

TABLE OF CONTENTS
  1) Synthesis Options Summary
  2) HDL Parsing
  3) HDL Elaboration
  4) HDL Synthesis
       4.1) HDL Synthesis Report
  5) Advanced HDL Synthesis
       5.1) Advanced HDL Synthesis Report
  6) Low Level Synthesis
  7) Partition Report
  8) Design Summary
       8.1) Primitive and Black Box Usage
       8.2) Device utilization summary
       8.3) Partition Resource Summary
       8.4) Timing Report
            8.4.1) Clock Information
            8.4.2) Asynchronous Control Signals Information
            8.4.3) Timing Summary
            8.4.4) Timing Details
            8.4.5) Cross Clock Domains Report


=========================================================================
*                      Synthesis Options Summary                        *
=========================================================================
---- Source Parameters
Input File Name                    : "photon.prj"
Ignore Synthesis Constraint File   : NO

---- Target Parameters
Output File Name                   : "photon"
Output Format                      : NGC
Target Device                      : xc6slx45-2-fgg484

---- Source Options
Top Module Name                    : photon
Automatic FSM Extraction           : YES
FSM Encoding Algorithm             : Auto
Safe Implementation                : No
FSM Style                          : LUT
RAM Extraction                     : Yes
RAM Style                          : Auto
ROM Extraction                     : Yes
Shift Register Extraction          : YES
ROM Style                          : Auto
Resource Sharing                   : YES
Asynchronous To Synchronous        : NO
Shift Register Minimum Size        : 2
Use DSP Block                      : Auto
Automatic Register Balancing       : No

---- Target Options
LUT Combining                      : Auto
Reduce Control Sets                : Auto
Add IO Buffers                     : YES
Global Maximum Fanout              : 100000
Add Generic Clock Buffer(BUFG)     : 16
Register Duplication               : YES
Optimize Instantiated Primitives   : NO
Use Clock Enable                   : Auto
Use Synchronous Set                : Auto
Use Synchronous Reset              : Auto
Pack IO Registers into IOBs        : Auto
Equivalent register Removal        : YES

---- General Options
Optimization Goal                  : Speed
Optimization Effort                : 1
Power Reduction                    : NO
Keep Hierarchy                     : No
Netlist Hierarchy                  : As_Optimized
RTL Output                         : Yes
Global Optimization                : AllClockNets
Read Cores                         : YES
Write Timing Constraints           : NO
Cross Clock Analysis               : NO
Hierarchy Separator                : /
Bus Delimiter                      : <>
Case Specifier                     : Maintain
Slice Utilization Ratio            : 100
BRAM Utilization Ratio             : 100
DSP48 Utilization Ratio            : 100
Auto BRAM Packing                  : NO
Slice Utilization Ratio Delta      : 5

---- Other Options
Cores Search Directories           : {"ipcore_dir"  }

=========================================================================


=========================================================================
*                          HDL Parsing                                  *
=========================================================================
Parsing VHDL file "C:\Users\lattice\Desktop\LabRAD\FPGA_firmware\Pulser_729\photon\okLibrary.vhd" into library work
Parsing entity <okHost>.
Parsing architecture <archHost> of entity <okhost>.
Parsing entity <okWireOR>.
Parsing architecture <archWireOR> of entity <okwireor>.
Parsing package <FRONTPANEL>.
Parsing VHDL file "C:\Users\lattice\Desktop\LabRAD\FPGA_firmware\Pulser_729\photon\dds_fifo.vhd" into library work
Parsing entity <dds_fifo>.
Parsing architecture <dds_fifo_a> of entity <dds_fifo>.
Parsing VHDL file "C:\Users\lattice\Desktop\LabRAD\FPGA_firmware\Pulser_729\photon\photon.vhd" into library work
Parsing entity <photon>.
Parsing architecture <arch> of entity <photon>.

=========================================================================
*                            HDL Elaboration                            *
=========================================================================

Elaborating entity <photon> (architecture <arch>) from library <work>.

Elaborating entity <dds_fifo> (architecture <dds_fifo_a>) from library <work>.

Elaborating entity <okHost> (architecture <archHost>) from library <work>.

Elaborating entity <okWireOR> (architecture <archWireOR>) with generics from library <work>.

=========================================================================
*                           HDL Synthesis                               *
=========================================================================

Synthesizing Unit <photon>.
    Related source file is "C:\Users\lattice\Desktop\LabRAD\FPGA_firmware\Pulser_729\photon\photon.vhd".
WARNING:Xst:647 - Input <bnc_in<7:2>> is never used. This port will be preserved and left unconnected if it belongs to a top-level block or it belongs to a sub-block and the hierarchy of this sub-block is preserved.
WARNING:Xst:647 - Input <clk1> is never used. This port will be preserved and left unconnected if it belongs to a top-level block or it belongs to a sub-block and the hierarchy of this sub-block is preserved.
INFO:Xst:3210 - "C:\Users\lattice\Desktop\LabRAD\FPGA_firmware\Pulser_729\photon\photon.vhd" line 117: Output port <wr_data_count> of the instance <fifo1> is unconnected or connected to loadless signal.
INFO:Xst:3210 - "C:\Users\lattice\Desktop\LabRAD\FPGA_firmware\Pulser_729\photon\photon.vhd" line 117: Output port <full> of the instance <fifo1> is unconnected or connected to loadless signal.
INFO:Xst:3210 - "C:\Users\lattice\Desktop\LabRAD\FPGA_firmware\Pulser_729\photon\photon.vhd" line 162: Output port <ep_blockstrobe> of the instance <ep81> is unconnected or connected to loadless signal.
    Found 1-bit tristate buffer for signal <i2c_sda> created at line 153
    Found 1-bit tristate buffer for signal <i2c_scl> created at line 154
    Summary:
	inferred   2 Tristate(s).
Unit <photon> synthesized.

Synthesizing Unit <okHost>.
    Related source file is "C:\Users\lattice\Desktop\LabRAD\FPGA_firmware\Pulser_729\photon\okLibrary.vhd".
    Found 16-bit register for signal <hi_dataout_reg>.
    Found 16-bit register for signal <hi_datain>.
    Found 1-bit register for signal <hi_drive>.
    Found 1-bit tristate buffer for signal <hi_inout<15>> created at line 77
    Found 1-bit tristate buffer for signal <hi_inout<14>> created at line 77
    Found 1-bit tristate buffer for signal <hi_inout<13>> created at line 77
    Found 1-bit tristate buffer for signal <hi_inout<12>> created at line 77
    Found 1-bit tristate buffer for signal <hi_inout<11>> created at line 77
    Found 1-bit tristate buffer for signal <hi_inout<10>> created at line 77
    Found 1-bit tristate buffer for signal <hi_inout<9>> created at line 77
    Found 1-bit tristate buffer for signal <hi_inout<8>> created at line 77
    Found 1-bit tristate buffer for signal <hi_inout<7>> created at line 77
    Found 1-bit tristate buffer for signal <hi_inout<6>> created at line 77
    Found 1-bit tristate buffer for signal <hi_inout<5>> created at line 77
    Found 1-bit tristate buffer for signal <hi_inout<4>> created at line 77
    Found 1-bit tristate buffer for signal <hi_inout<3>> created at line 77
    Found 1-bit tristate buffer for signal <hi_inout<2>> created at line 77
    Found 1-bit tristate buffer for signal <hi_inout<1>> created at line 77
    Found 1-bit tristate buffer for signal <hi_inout<0>> created at line 77
    Summary:
	inferred  33 D-type flip-flop(s).
	inferred  16 Tristate(s).
Unit <okHost> synthesized.

Synthesizing Unit <okWireOR>.
    Related source file is "C:\Users\lattice\Desktop\LabRAD\FPGA_firmware\Pulser_729\photon\okLibrary.vhd".
        N = 1
    Summary:
	no macro.
Unit <okWireOR> synthesized.

=========================================================================
HDL Synthesis Report

Macro Statistics
# Registers                                            : 3
 1-bit register                                        : 1
 16-bit register                                       : 2
# Tristates                                            : 18
 1-bit tristate buffer                                 : 18

=========================================================================

=========================================================================
*                       Advanced HDL Synthesis                          *
=========================================================================

Reading core <dds_fifo.ngc>.
Reading core <okTriggerIn.ngc>.
Reading core <okBTPipeIn.ngc>.
Reading core <okCoreHarness.ngc>.
Reading core <TFIFO64x8a_64x8b.ngc>.
Loading core <dds_fifo> for timing and area information for instance <fifo1>.
Loading core <okTriggerIn> for timing and area information for instance <ep40>.
Loading core <okBTPipeIn> for timing and area information for instance <ep81>.
Loading core <TFIFO64x8a_64x8b> for timing and area information for instance <core0/a0/cb0>.
Loading core <okCoreHarness> for timing and area information for instance <core0>.

=========================================================================
Advanced HDL Synthesis Report

Macro Statistics
# Registers                                            : 37
 Flip-Flops                                            : 37

=========================================================================

=========================================================================
*                         Low Level Synthesis                           *
=========================================================================

Optimizing unit <photon> ...

Mapping all equations...
Building and optimizing final netlist ...
Found area constraint ratio of 100 (+ 5) on block photon, actual ratio is 2.
INFO:Xst:2260 - The FF/Latch <U0/xst_fifo_generator/gconvfifo.rf/grf.rf/gntv_or_sync_fifo.gl0.wr/gwas.wsts/ram_full_i> in Unit <fifo1> is equivalent to the following FF/Latch : <U0/xst_fifo_generator/gconvfifo.rf/grf.rf/gntv_or_sync_fifo.gl0.wr/gwas.wsts/ram_full_fb_i> 
INFO:Xst:2260 - The FF/Latch <U0/xst_fifo_generator/gconvfifo.rf/grf.rf/gntv_or_sync_fifo.gl0.rd/gr1.rfwft/empty_fwft_i> in Unit <fifo1> is equivalent to the following FF/Latch : <U0/xst_fifo_generator/gconvfifo.rf/grf.rf/gntv_or_sync_fifo.gl0.rd/gr1.rfwft/empty_fwft_fb> 
INFO:Xst:2260 - The FF/Latch <U0/xst_fifo_generator/gconvfifo.rf/grf.rf/rstblk/ngwrdrst.grst.wr_rst_reg_1> in Unit <fifo1> is equivalent to the following FF/Latch : <U0/xst_fifo_generator/gconvfifo.rf/grf.rf/rstblk/ngwrdrst.grst.wr_rst_reg_0> 
INFO:Xst:2260 - The FF/Latch <U0/xst_fifo_generator/gconvfifo.rf/grf.rf/rstblk/ngwrdrst.grst.rd_rst_reg_2> in Unit <fifo1> is equivalent to the following 2 FFs/Latches : <U0/xst_fifo_generator/gconvfifo.rf/grf.rf/rstblk/ngwrdrst.grst.rd_rst_reg_1> <U0/xst_fifo_generator/gconvfifo.rf/grf.rf/rstblk/ngwrdrst.grst.rd_rst_reg_0> 
INFO:Xst:2260 - The FF/Latch <core0/a0/pc0/sync_interrupt_flop> in Unit <okHI/core0> is equivalent to the following FF/Latch : <core0/a0/pc0/sync_sleep_flop> 
INFO:Xst:2260 - The FF/Latch <U0/grf.rf/rstblk/ngwrdrst.grst.rd_rst_reg_2> in Unit <BU2> is equivalent to the following FF/Latch : <U0/grf.rf/rstblk/ngwrdrst.grst.rd_rst_reg_0> 
INFO:Xst:2260 - The FF/Latch <U0/grf.rf/gl0.wr/gwss.wsts/ram_full_i> in Unit <BU2> is equivalent to the following FF/Latch : <U0/grf.rf/gl0.wr/gwss.wsts/ram_full_fb_i> 
INFO:Xst:2260 - The FF/Latch <U0/grf.rf/gl0.rd/grss.rsts/ram_empty_i> in Unit <BU2> is equivalent to the following FF/Latch : <U0/grf.rf/gl0.rd/grss.rsts/ram_empty_fb_i> 
INFO:Xst:2260 - The FF/Latch <U0/xst_fifo_generator/gconvfifo.rf/grf.rf/gntv_or_sync_fifo.gl0.wr/gwas.wsts/ram_full_i> in Unit <fifo1> is equivalent to the following FF/Latch : <U0/xst_fifo_generator/gconvfifo.rf/grf.rf/gntv_or_sync_fifo.gl0.wr/gwas.wsts/ram_full_fb_i> 
INFO:Xst:2260 - The FF/Latch <U0/xst_fifo_generator/gconvfifo.rf/grf.rf/gntv_or_sync_fifo.gl0.rd/gr1.rfwft/empty_fwft_i> in Unit <fifo1> is equivalent to the following FF/Latch : <U0/xst_fifo_generator/gconvfifo.rf/grf.rf/gntv_or_sync_fifo.gl0.rd/gr1.rfwft/empty_fwft_fb> 
INFO:Xst:2260 - The FF/Latch <U0/xst_fifo_generator/gconvfifo.rf/grf.rf/rstblk/ngwrdrst.grst.wr_rst_reg_1> in Unit <fifo1> is equivalent to the following FF/Latch : <U0/xst_fifo_generator/gconvfifo.rf/grf.rf/rstblk/ngwrdrst.grst.wr_rst_reg_0> 
INFO:Xst:2260 - The FF/Latch <U0/xst_fifo_generator/gconvfifo.rf/grf.rf/rstblk/ngwrdrst.grst.rd_rst_reg_2> in Unit <fifo1> is equivalent to the following 2 FFs/Latches : <U0/xst_fifo_generator/gconvfifo.rf/grf.rf/rstblk/ngwrdrst.grst.rd_rst_reg_1> <U0/xst_fifo_generator/gconvfifo.rf/grf.rf/rstblk/ngwrdrst.grst.rd_rst_reg_0> 
INFO:Xst:2260 - The FF/Latch <core0/a0/pc0/sync_interrupt_flop> in Unit <okHI/core0> is equivalent to the following FF/Latch : <core0/a0/pc0/sync_sleep_flop> 
INFO:Xst:2260 - The FF/Latch <U0/grf.rf/rstblk/ngwrdrst.grst.rd_rst_reg_2> in Unit <BU2> is equivalent to the following FF/Latch : <U0/grf.rf/rstblk/ngwrdrst.grst.rd_rst_reg_0> 
INFO:Xst:2260 - The FF/Latch <U0/grf.rf/gl0.wr/gwss.wsts/ram_full_i> in Unit <BU2> is equivalent to the following FF/Latch : <U0/grf.rf/gl0.wr/gwss.wsts/ram_full_fb_i> 
INFO:Xst:2260 - The FF/Latch <U0/grf.rf/gl0.rd/grss.rsts/ram_empty_i> in Unit <BU2> is equivalent to the following FF/Latch : <U0/grf.rf/gl0.rd/grss.rsts/ram_empty_fb_i> 
INFO:Xst:2260 - The FF/Latch <U0/grf.rf/rstblk/ngwrdrst.grst.rd_rst_reg_2> in Unit <BU2> is equivalent to the following FF/Latch : <U0/grf.rf/rstblk/ngwrdrst.grst.rd_rst_reg_0> 
INFO:Xst:2260 - The FF/Latch <U0/grf.rf/gl0.wr/gwss.wsts/ram_full_i> in Unit <BU2> is equivalent to the following FF/Latch : <U0/grf.rf/gl0.wr/gwss.wsts/ram_full_fb_i> 
INFO:Xst:2260 - The FF/Latch <U0/grf.rf/gl0.rd/grss.rsts/ram_empty_i> in Unit <BU2> is equivalent to the following FF/Latch : <U0/grf.rf/gl0.rd/grss.rsts/ram_empty_fb_i> 
INFO:Xst:2260 - The FF/Latch <U0/grf.rf/rstblk/ngwrdrst.grst.rd_rst_reg_2> in Unit <BU2> is equivalent to the following FF/Latch : <U0/grf.rf/rstblk/ngwrdrst.grst.rd_rst_reg_0> 
INFO:Xst:2260 - The FF/Latch <U0/grf.rf/gl0.wr/gwss.wsts/ram_full_i> in Unit <BU2> is equivalent to the following FF/Latch : <U0/grf.rf/gl0.wr/gwss.wsts/ram_full_fb_i> 
INFO:Xst:2260 - The FF/Latch <U0/grf.rf/gl0.rd/grss.rsts/ram_empty_i> in Unit <BU2> is equivalent to the following FF/Latch : <U0/grf.rf/gl0.rd/grss.rsts/ram_empty_fb_i> 

Final Macro Processing ...

=========================================================================
Final Register Report

Macro Statistics
# Registers                                            : 37
 Flip-Flops                                            : 37

=========================================================================

=========================================================================
*                           Partition Report                            *
=========================================================================

Partition Implementation Status
-------------------------------

  No Partitions were found in this design.

-------------------------------

=========================================================================
*                            Design Summary                             *
=========================================================================

Top Level Output File Name         : photon.ngc

Primitive and Black Box Usage:
------------------------------
# BELS                             : 1024
#      GND                         : 6
#      INV                         : 37
#      LUT1                        : 30
#      LUT2                        : 105
#      LUT3                        : 44
#      LUT4                        : 142
#      LUT5                        : 94
#      LUT6                        : 300
#      LUT6_2                      : 50
#      MUXCY                       : 120
#      MUXF7                       : 2
#      VCC                         : 3
#      XORCY                       : 91
# FlipFlops/Latches                : 793
#      FD                          : 174
#      FDC                         : 159
#      FDCE                        : 173
#      FDE                         : 83
#      FDP                         : 47
#      FDPE                        : 10
#      FDR                         : 62
#      FDRE                        : 78
#      FDS                         : 5
#      FDSE                        : 2
# RAMS                             : 19
#      RAM128X1S                   : 8
#      RAM32M                      : 4
#      RAM64M                      : 2
#      RAM64X1D                    : 2
#      RAMB16BWER                  : 3
# Shift Registers                  : 1
#      SRLC16E                     : 1
# Clock Buffers                    : 2
#      BUFG                        : 1
#      BUFGP                       : 1
# IO Buffers                       : 64
#      IBUF                        : 10
#      IBUFG                       : 1
#      IOBUF                       : 17
#      OBUF                        : 34
#      OBUFT                       : 2
# DCMs                             : 1
#      DCM_SP                      : 1
# Others                           : 17
#      DNA_PORT                    : 1
#      IODELAY2                    : 16

Device utilization summary:
---------------------------

Selected Device : 6slx45fgg484-2 


Slice Logic Utilization: 
 Number of Slice Registers:             793  out of  54576     1%  
 Number of Slice LUTs:                  847  out of  27288     3%  
    Number used as Logic:               802  out of  27288     2%  
    Number used as Memory:               45  out of   6408     0%  
       Number used as RAM:               44
       Number used as SRL:                1

Slice Logic Distribution: 
 Number of LUT Flip Flop pairs used:   1218
   Number with an unused Flip Flop:     425  out of   1218    34%  
   Number with an unused LUT:           371  out of   1218    30%  
   Number of fully used LUT-FF pairs:   422  out of   1218    34%  
   Number of unique control sets:        63

IO Utilization: 
 Number of IOs:                          72
 Number of bonded IOBs:                  65  out of    316    20%  

Specific Feature Utilization:
 Number of Block RAM/FIFO:                3  out of    116     2%  
    Number using Block RAM only:          3
 Number of BUFG/BUFGCTRLs:                2  out of     16    12%  

---------------------------
Partition Resource Summary:
---------------------------

  No Partitions were found in this design.

---------------------------


=========================================================================
Timing Report

NOTE: THESE TIMING NUMBERS ARE ONLY A SYNTHESIS ESTIMATE.
      FOR ACCURATE TIMING INFORMATION PLEASE REFER TO THE TRACE REPORT
      GENERATED AFTER PLACE-and-ROUTE.

Clock Information:
------------------
-----------------------------------+------------------------------------------------------------+-------+
Clock Signal                       | Clock buffer(FF name)                                      | Load  |
-----------------------------------+------------------------------------------------------------+-------+
hi_in<0>                           | DCM_SP:CLK0                                                | 721   |
dds_logic_fifo_rd_clk              | BUFGP                                                      | 94    |
okHI/core0/okCH<1>                 | NONE(okHI/core0/core0/a0/pm0/ram_1k_generate.s6.kcpsm6_rom)| 1     |
-----------------------------------+------------------------------------------------------------+-------+
INFO:Xst:2169 - HDL ADVISOR - Some clock signals were not automatically buffered by XST with BUFG/BUFR resources. Please use the buffer_type constraint in order to insert these buffers to the clock signals to help prevent skew problems.

Asynchronous Control Signals Information:
----------------------------------------
No asynchronous control signals found in this design

Timing Summary:
---------------
Speed Grade: -2

   Minimum period: 7.715ns (Maximum Frequency: 129.618MHz)
   Minimum input arrival time before clock: 7.073ns
   Maximum output required time after clock: 5.098ns
   Maximum combinational path delay: 4.921ns

Timing Details:
---------------
All values displayed in nanoseconds (ns)

=========================================================================
Timing constraint: Default period analysis for Clock 'hi_in<0>'
  Clock period: 7.715ns (frequency: 129.618MHz)
  Total number of paths / destination ports: 18247 / 1500
-------------------------------------------------------------------------
Delay:               7.715ns (Levels of Logic = 3)
  Source:            okHI/core0/core0/a0/pm0/ram_1k_generate.s6.kcpsm6_rom (RAM)
  Destination:       okHI/core0/core0/a0/atmel_status_fuses_19 (FF)
  Source Clock:      hi_in<0> rising
  Destination Clock: hi_in<0> rising

  Data Path: okHI/core0/core0/a0/pm0/ram_1k_generate.s6.kcpsm6_rom to okHI/core0/core0/a0/atmel_status_fuses_19
                                Gate     Net
    Cell:in->out      fanout   Delay   Delay  Logical Name (Net Name)
    ----------------------------------------  ------------
     RAMB16BWER:CLKA->DOA7   16   2.100   1.181  core0/a0/pm0/ram_1k_generate.s6.kcpsm6_rom (core0/a0/pico_instr<7>)
     LUT6_2:I3->O5        10   0.214   1.284  core0/a0/pc0/data_path_loop[6].output_data.sy_kk_mux_lut (core0/a0/pico_port_id<6>)
     LUT5:I1->O            5   0.254   0.841  core0/a0/_n0189_inv11 (core0/a0/_n0189_inv1)
     LUT5:I4->O           20   0.254   1.285  core0/a0/_n0210_inv1 (core0/a0/_n0210_inv)
     FDE:CE                    0.302          core0/a0/atmel_status_fuses_0
    ----------------------------------------
    Total                      7.715ns (3.124ns logic, 4.591ns route)
                                       (40.5% logic, 59.5% route)

=========================================================================
Timing constraint: Default period analysis for Clock 'dds_logic_fifo_rd_clk'
  Clock period: 3.505ns (frequency: 285.286MHz)
  Total number of paths / destination ports: 475 / 230
-------------------------------------------------------------------------
Delay:               3.505ns (Levels of Logic = 8)
  Source:            fifo1/U0/xst_fifo_generator/gconvfifo.rf/grf.rf/gntv_or_sync_fifo.gl0.rd/rpntr/gc0.count_d1_0 (FF)
  Destination:       fifo1/U0/xst_fifo_generator/gconvfifo.rf/grf.rf/gntv_or_sync_fifo.gl0.rd/gras.rsts/ram_empty_fb_i (FF)
  Source Clock:      dds_logic_fifo_rd_clk rising
  Destination Clock: dds_logic_fifo_rd_clk rising

  Data Path: fifo1/U0/xst_fifo_generator/gconvfifo.rf/grf.rf/gntv_or_sync_fifo.gl0.rd/rpntr/gc0.count_d1_0 to fifo1/U0/xst_fifo_generator/gconvfifo.rf/grf.rf/gntv_or_sync_fifo.gl0.rd/gras.rsts/ram_empty_fb_i
                                Gate     Net
    Cell:in->out      fanout   Delay   Delay  Logical Name (Net Name)
    ----------------------------------------  ------------
     FDCE:C->Q            12   0.525   1.069  U0/xst_fifo_generator/gconvfifo.rf/grf.rf/gntv_or_sync_fifo.gl0.rd/rpntr/gc0.count_d1_0 (U0/xst_fifo_generator/gconvfifo.rf/grf.rf/gntv_or_sync_fifo.gl0.rd/rpntr/gc0.count_d1<0>)
     LUT4:I3->O            1   0.254   0.000  U0/xst_fifo_generator/gconvfifo.rf/grf.rf/gntv_or_sync_fifo.gl0.rd/gras.rsts/c0/v1<0>1 (U0/xst_fifo_generator/gconvfifo.rf/grf.rf/gntv_or_sync_fifo.gl0.rd/gras.rsts/c0/v1<0>)
     MUXCY:S->O            1   0.215   0.000  U0/xst_fifo_generator/gconvfifo.rf/grf.rf/gntv_or_sync_fifo.gl0.rd/gras.rsts/c0/gmux.gm[0].gm1.m1 (U0/xst_fifo_generator/gconvfifo.rf/grf.rf/gntv_or_sync_fifo.gl0.rd/gras.rsts/c0/gmux.carrynet<0>)
     MUXCY:CI->O           1   0.023   0.000  U0/xst_fifo_generator/gconvfifo.rf/grf.rf/gntv_or_sync_fifo.gl0.rd/gras.rsts/c0/gmux.gm[1].gms.ms (U0/xst_fifo_generator/gconvfifo.rf/grf.rf/gntv_or_sync_fifo.gl0.rd/gras.rsts/c0/gmux.carrynet<1>)
     MUXCY:CI->O           1   0.023   0.000  U0/xst_fifo_generator/gconvfifo.rf/grf.rf/gntv_or_sync_fifo.gl0.rd/gras.rsts/c0/gmux.gm[2].gms.ms (U0/xst_fifo_generator/gconvfifo.rf/grf.rf/gntv_or_sync_fifo.gl0.rd/gras.rsts/c0/gmux.carrynet<2>)
     MUXCY:CI->O           1   0.023   0.000  U0/xst_fifo_generator/gconvfifo.rf/grf.rf/gntv_or_sync_fifo.gl0.rd/gras.rsts/c0/gmux.gm[3].gms.ms (U0/xst_fifo_generator/gconvfifo.rf/grf.rf/gntv_or_sync_fifo.gl0.rd/gras.rsts/c0/gmux.carrynet<3>)
     MUXCY:CI->O           1   0.023   0.000  U0/xst_fifo_generator/gconvfifo.rf/grf.rf/gntv_or_sync_fifo.gl0.rd/gras.rsts/c0/gmux.gm[4].gms.ms (U0/xst_fifo_generator/gconvfifo.rf/grf.rf/gntv_or_sync_fifo.gl0.rd/gras.rsts/c0/gmux.carrynet<4>)
     MUXCY:CI->O           1   0.235   0.790  U0/xst_fifo_generator/gconvfifo.rf/grf.rf/gntv_or_sync_fifo.gl0.rd/gras.rsts/c0/gmux.gm[5].gms.ms (U0/xst_fifo_generator/gconvfifo.rf/grf.rf/gntv_or_sync_fifo.gl0.rd/gras.rsts/comp0)
     LUT6:I4->O            1   0.250   0.000  U0/xst_fifo_generator/gconvfifo.rf/grf.rf/gntv_or_sync_fifo.gl0.rd/gras.rsts/comp0_comp1_OR_6_o1 (U0/xst_fifo_generator/gconvfifo.rf/grf.rf/gntv_or_sync_fifo.gl0.rd/gras.rsts/comp0_comp1_OR_6_o)
     FDP:D                     0.074          U0/xst_fifo_generator/gconvfifo.rf/grf.rf/gntv_or_sync_fifo.gl0.rd/gras.rsts/ram_empty_fb_i
    ----------------------------------------
    Total                      3.505ns (1.646ns logic, 1.859ns route)
                                       (47.0% logic, 53.0% route)

=========================================================================
Timing constraint: Default period analysis for Clock 'okHI/core0/okCH<1>'
  Clock period: 3.081ns (frequency: 324.570MHz)
  Total number of paths / destination ports: 18 / 18
-------------------------------------------------------------------------
Delay:               3.081ns (Levels of Logic = 0)
  Source:            okHI/core0/core0/a0/pm0/ram_1k_generate.s6.kcpsm6_rom (RAM)
  Destination:       okHI/core0/core0/a0/pm0/ram_1k_generate.s6.kcpsm6_rom (RAM)
  Source Clock:      okHI/core0/okCH<1> rising
  Destination Clock: okHI/core0/okCH<1> rising

  Data Path: okHI/core0/core0/a0/pm0/ram_1k_generate.s6.kcpsm6_rom to okHI/core0/core0/a0/pm0/ram_1k_generate.s6.kcpsm6_rom
                                Gate     Net
    Cell:in->out      fanout   Delay   Delay  Logical Name (Net Name)
    ----------------------------------------  ------------
     RAMB16BWER:CLKB->DOB15    1   2.100   0.681  core0/a0/pm0/ram_1k_generate.s6.kcpsm6_rom (core0/a0/pm0/n0016<15>)
     RAMB16BWER:DIB15          0.300          core0/a0/pm0/ram_1k_generate.s6.kcpsm6_rom
    ----------------------------------------
    Total                      3.081ns (2.400ns logic, 0.681ns route)
                                       (77.9% logic, 22.1% route)

=========================================================================
Timing constraint: Default OFFSET IN BEFORE for Clock 'hi_in<0>'
  Total number of paths / destination ports: 1092 / 278
-------------------------------------------------------------------------
Offset:              7.073ns (Levels of Logic = 6)
  Source:            hi_in<7> (PAD)
  Destination:       okHI/core0/core0/ti_dataout_15 (FF)
  Destination Clock: hi_in<0> rising

  Data Path: hi_in<7> to okHI/core0/core0/ti_dataout_15
                                Gate     Net
    Cell:in->out      fanout   Delay   Delay  Logical Name (Net Name)
    ----------------------------------------  ------------
     IBUF:I->O            22   1.328   1.610  hi_in_7_IBUF (hi_in_7_IBUF)
     begin scope: 'okHI/core0:okHC<7>'
     LUT4:I0->O            2   0.254   0.726  core0/hi_addr[3]_hi_addr[3]_OR_157_o1 (core0/hi_addr[3]_hi_addr[3]_OR_157_o)
     LUT4:I3->O            1   0.254   0.682  core0/state[31]_ti_dataout[15]_select_93_OUT<0>13 (core0/state[31]_ti_dataout[15]_select_93_OUT<0>13)
     LUT5:I4->O           16   0.254   1.637  core0/state[31]_ti_dataout[15]_select_93_OUT<0>14 (core0/state[31]_ti_dataout[15]_select_93_OUT<0>1)
     LUT6:I0->O            1   0.254   0.000  core0/state[31]_ti_dataout[15]_select_93_OUT<3>1 (core0/state[31]_ti_dataout[15]_select_93_OUT<3>)
     FDE:D                     0.074          core0/ti_dataout_3
    ----------------------------------------
    Total                      7.073ns (2.418ns logic, 4.655ns route)
                                       (34.2% logic, 65.8% route)

=========================================================================
Timing constraint: Default OFFSET IN BEFORE for Clock 'dds_logic_fifo_rd_clk'
  Total number of paths / destination ports: 44 / 44
-------------------------------------------------------------------------
Offset:              4.412ns (Levels of Logic = 3)
  Source:            dds_logic_fifo_rd_en (PAD)
  Destination:       fifo1/U0/xst_fifo_generator/gconvfifo.rf/grf.rf/gntv_or_sync_fifo.gl0.rd/rpntr/gc0.count_d1_5 (FF)
  Destination Clock: dds_logic_fifo_rd_clk rising

  Data Path: dds_logic_fifo_rd_en to fifo1/U0/xst_fifo_generator/gconvfifo.rf/grf.rf/gntv_or_sync_fifo.gl0.rd/rpntr/gc0.count_d1_5
                                Gate     Net
    Cell:in->out      fanout   Delay   Delay  Logical Name (Net Name)
    ----------------------------------------  ------------
     IBUF:I->O            13   1.328   1.374  dds_logic_fifo_rd_en_IBUF (dds_logic_fifo_rd_en_IBUF)
     begin scope: 'fifo1:rd_en'
     LUT4:I0->O           15   0.254   1.154  U0/xst_fifo_generator/gconvfifo.rf/grf.rf/gntv_or_sync_fifo.gl0.rd/gr1.rfwft/Mmux_RAM_RD_EN_FWFT11 (U0/xst_fifo_generator/gconvfifo.rf/grf.rf/ram_rd_en)
     FDCE:CE                   0.302          U0/xst_fifo_generator/gconvfifo.rf/grf.rf/gntv_or_sync_fifo.gl0.rd/rpntr/gc0.count_1
    ----------------------------------------
    Total                      4.412ns (1.884ns logic, 2.528ns route)
                                       (42.7% logic, 57.3% route)

=========================================================================
Timing constraint: Default OFFSET OUT AFTER for Clock 'hi_in<0>'
  Total number of paths / destination ports: 39 / 22
-------------------------------------------------------------------------
Offset:              4.618ns (Levels of Logic = 1)
  Source:            okHI/hi_drive (FF)
  Destination:       hi_inout<15> (PAD)
  Source Clock:      hi_in<0> rising

  Data Path: okHI/hi_drive to hi_inout<15>
                                Gate     Net
    Cell:in->out      fanout   Delay   Delay  Logical Name (Net Name)
    ----------------------------------------  ------------
     FD:C->Q              16   0.525   1.181  okHI/hi_drive (okHI/hi_drive)
     IOBUF:T->IO               2.912          hi_inout_15_IOBUF (hi_inout<15>)
    ----------------------------------------
    Total                      4.618ns (3.437ns logic, 1.181ns route)
                                       (74.4% logic, 25.6% route)

=========================================================================
Timing constraint: Default OFFSET OUT AFTER for Clock 'dds_logic_fifo_rd_clk'
  Total number of paths / destination ports: 18 / 18
-------------------------------------------------------------------------
Offset:              5.098ns (Levels of Logic = 3)
  Source:            fifo1/U0/xst_fifo_generator/gconvfifo.rf/grf.rf/gntv_or_sync_fifo.gl0.rd/gr1.rfwft/empty_fwft_i (FF)
  Destination:       led<7> (PAD)
  Source Clock:      dds_logic_fifo_rd_clk rising

  Data Path: fifo1/U0/xst_fifo_generator/gconvfifo.rf/grf.rf/gntv_or_sync_fifo.gl0.rd/gr1.rfwft/empty_fwft_i to led<7>
                                Gate     Net
    Cell:in->out      fanout   Delay   Delay  Logical Name (Net Name)
    ----------------------------------------  ------------
     FDP:C->Q              2   0.525   0.725  U0/xst_fifo_generator/gconvfifo.rf/grf.rf/gntv_or_sync_fifo.gl0.rd/gr1.rfwft/empty_fwft_i (empty)
     end scope: 'fifo1:empty'
     INV:I->O              1   0.255   0.681  led<7>1_INV_0 (led_7_OBUF)
     OBUF:I->O                 2.912          led_7_OBUF (led<7>)
    ----------------------------------------
    Total                      5.098ns (3.692ns logic, 1.406ns route)
                                       (72.4% logic, 27.6% route)

=========================================================================
Timing constraint: Default path analysis
  Total number of paths / destination ports: 18 / 18
-------------------------------------------------------------------------
Delay:               4.921ns (Levels of Logic = 2)
  Source:            bnc_in<0> (PAD)
  Destination:       dds_logic_ram_reset (PAD)

  Data Path: bnc_in<0> to dds_logic_ram_reset
                                Gate     Net
    Cell:in->out      fanout   Delay   Delay  Logical Name (Net Name)
    ----------------------------------------  ------------
     IBUF:I->O             1   1.328   0.681  bnc_in_0_IBUF (dds_logic_ram_reset_OBUF)
     OBUF:I->O                 2.912          dds_logic_ram_reset_OBUF (dds_logic_ram_reset)
    ----------------------------------------
    Total                      4.921ns (4.240ns logic, 0.681ns route)
                                       (86.2% logic, 13.8% route)

=========================================================================

Cross Clock Domains Report:
--------------------------

Clock to Setup on destination clock dds_logic_fifo_rd_clk
---------------------+---------+---------+---------+---------+
                     | Src:Rise| Src:Fall| Src:Rise| Src:Fall|
Source Clock         |Dest:Rise|Dest:Rise|Dest:Fall|Dest:Fall|
---------------------+---------+---------+---------+---------+
dds_logic_fifo_rd_clk|    3.505|         |         |         |
hi_in<0>             |    1.859|         |         |         |
---------------------+---------+---------+---------+---------+

Clock to Setup on destination clock hi_in<0>
---------------------+---------+---------+---------+---------+
                     | Src:Rise| Src:Fall| Src:Rise| Src:Fall|
Source Clock         |Dest:Rise|Dest:Rise|Dest:Fall|Dest:Fall|
---------------------+---------+---------+---------+---------+
dds_logic_fifo_rd_clk|    1.280|         |         |         |
hi_in<0>             |    7.715|         |         |         |
---------------------+---------+---------+---------+---------+

Clock to Setup on destination clock okHI/core0/okCH<1>
------------------+---------+---------+---------+---------+
                  | Src:Rise| Src:Fall| Src:Rise| Src:Fall|
Source Clock      |Dest:Rise|Dest:Rise|Dest:Fall|Dest:Fall|
------------------+---------+---------+---------+---------+
okHI/core0/okCH<1>|    3.081|         |         |         |
------------------+---------+---------+---------+---------+

=========================================================================


Total REAL time to Xst completion: 12.00 secs
Total CPU time to Xst completion: 12.36 secs
 
--> 

Total memory usage is 274300 kilobytes

Number of errors   :    0 (   0 filtered)
Number of warnings :    2 (   0 filtered)
Number of infos    :   26 (   0 filtered)

