------------------------------------------------------------
TimeQuest Timing Analyzer Summary
------------------------------------------------------------

Type  : Slow Model Setup 'clk_system'
Slack : -2.537
TNS   : -65.356

Type  : Slow Model Setup 'PLL|altpll_component|pll|clk[0]'
Slack : -2.223
TNS   : -71.129

Type  : Slow Model Setup 'dds_ram_wrclock'
Slack : -1.915
TNS   : -103.700

Type  : Slow Model Setup 'clk_25'
Slack : -1.613
TNS   : -95.955

Type  : Slow Model Setup 'bus_in_step_to_next_value'
Slack : -0.975
TNS   : -5.320

Type  : Slow Model Hold 'clk_25'
Slack : -2.209
TNS   : -2.209

Type  : Slow Model Hold 'clk_system'
Slack : -1.683
TNS   : -1.683

Type  : Slow Model Hold 'PLL|altpll_component|pll|clk[0]'
Slack : 0.391
TNS   : 0.000

Type  : Slow Model Hold 'bus_in_step_to_next_value'
Slack : 0.391
TNS   : 0.000

Type  : Slow Model Hold 'dds_ram_wrclock'
Slack : 0.900
TNS   : 0.000

Type  : Slow Model Minimum Pulse Width 'dds_ram_wrclock'
Slack : -1.880
TNS   : -481.280

Type  : Slow Model Minimum Pulse Width 'bus_in_step_to_next_value'
Slack : -1.222
TNS   : -10.222

Type  : Slow Model Minimum Pulse Width 'clk_system'
Slack : -0.500
TNS   : -54.000

Type  : Slow Model Minimum Pulse Width 'PLL|altpll_component|pll|clk[0]'
Slack : 4.000
TNS   : 0.000

Type  : Slow Model Minimum Pulse Width 'clk_25'
Slack : 17.620
TNS   : 0.000

Type  : Fast Model Setup 'dds_ram_wrclock'
Slack : -1.457
TNS   : -30.861

Type  : Fast Model Setup 'clk_system'
Slack : -0.595
TNS   : -5.515

Type  : Fast Model Setup 'clk_25'
Slack : -0.133
TNS   : -2.351

Type  : Fast Model Setup 'bus_in_step_to_next_value'
Slack : 0.095
TNS   : 0.000

Type  : Fast Model Setup 'PLL|altpll_component|pll|clk[0]'
Slack : 1.094
TNS   : 0.000

Type  : Fast Model Hold 'clk_25'
Slack : -1.346
TNS   : -1.346

Type  : Fast Model Hold 'clk_system'
Slack : -1.037
TNS   : -1.037

Type  : Fast Model Hold 'PLL|altpll_component|pll|clk[0]'
Slack : 0.215
TNS   : 0.000

Type  : Fast Model Hold 'bus_in_step_to_next_value'
Slack : 0.215
TNS   : 0.000

Type  : Fast Model Hold 'dds_ram_wrclock'
Slack : 0.657
TNS   : 0.000

Type  : Fast Model Minimum Pulse Width 'dds_ram_wrclock'
Slack : -1.880
TNS   : -481.280

Type  : Fast Model Minimum Pulse Width 'bus_in_step_to_next_value'
Slack : -1.222
TNS   : -10.222

Type  : Fast Model Minimum Pulse Width 'clk_system'
Slack : -0.500
TNS   : -54.000

Type  : Fast Model Minimum Pulse Width 'PLL|altpll_component|pll|clk[0]'
Slack : 4.000
TNS   : 0.000

Type  : Fast Model Minimum Pulse Width 'clk_25'
Slack : 17.620
TNS   : 0.000

------------------------------------------------------------
