------------------------------------------------------------
TimeQuest Timing Analyzer Summary
------------------------------------------------------------

Type  : Slow Model Setup 'clk_system'
Slack : -3.383
TNS   : -360.279

Type  : Slow Model Setup 'PLL|altpll_component|pll|clk[0]'
Slack : -3.121
TNS   : -42.947

Type  : Slow Model Setup 'dds_ram_wrclock'
Slack : -1.915
TNS   : -100.344

Type  : Slow Model Setup 'bus_in_step_to_next_value'
Slack : -1.208
TNS   : -7.564

Type  : Slow Model Setup 'clk_25'
Slack : 2.478
TNS   : 0.000

Type  : Slow Model Hold 'clk_25'
Slack : -2.208
TNS   : -2.208

Type  : Slow Model Hold 'clk_system'
Slack : -1.993
TNS   : -1.993

Type  : Slow Model Hold 'PLL|altpll_component|pll|clk[0]'
Slack : 0.391
TNS   : 0.000

Type  : Slow Model Hold 'bus_in_step_to_next_value'
Slack : 0.391
TNS   : 0.000

Type  : Slow Model Hold 'dds_ram_wrclock'
Slack : 0.635
TNS   : 0.000

Type  : Slow Model Minimum Pulse Width 'clk_system'
Slack : -1.880
TNS   : -511.600

Type  : Slow Model Minimum Pulse Width 'dds_ram_wrclock'
Slack : -1.880
TNS   : -481.280

Type  : Slow Model Minimum Pulse Width 'bus_in_step_to_next_value'
Slack : -1.222
TNS   : -11.222

Type  : Slow Model Minimum Pulse Width 'PLL|altpll_component|pll|clk[0]'
Slack : 4.000
TNS   : 0.000

Type  : Slow Model Minimum Pulse Width 'clk_25'
Slack : 19.000
TNS   : 0.000

Type  : Fast Model Setup 'dds_ram_wrclock'
Slack : -1.457
TNS   : -31.034

Type  : Fast Model Setup 'PLL|altpll_component|pll|clk[0]'
Slack : -1.372
TNS   : -18.893

Type  : Fast Model Setup 'clk_system'
Slack : -1.060
TNS   : -73.578

Type  : Fast Model Setup 'bus_in_step_to_next_value'
Slack : -0.014
TNS   : -0.014

Type  : Fast Model Setup 'clk_25'
Slack : 1.726
TNS   : 0.000

Type  : Fast Model Hold 'clk_25'
Slack : -1.346
TNS   : -1.346

Type  : Fast Model Hold 'clk_system'
Slack : -1.188
TNS   : -1.188

Type  : Fast Model Hold 'PLL|altpll_component|pll|clk[0]'
Slack : 0.215
TNS   : 0.000

Type  : Fast Model Hold 'bus_in_step_to_next_value'
Slack : 0.215
TNS   : 0.000

Type  : Fast Model Hold 'dds_ram_wrclock'
Slack : 0.526
TNS   : 0.000

Type  : Fast Model Minimum Pulse Width 'clk_system'
Slack : -1.880
TNS   : -511.600

Type  : Fast Model Minimum Pulse Width 'dds_ram_wrclock'
Slack : -1.880
TNS   : -481.280

Type  : Fast Model Minimum Pulse Width 'bus_in_step_to_next_value'
Slack : -1.222
TNS   : -11.222

Type  : Fast Model Minimum Pulse Width 'PLL|altpll_component|pll|clk[0]'
Slack : 4.000
TNS   : 0.000

Type  : Fast Model Minimum Pulse Width 'clk_25'
Slack : 19.000
TNS   : 0.000

------------------------------------------------------------
