C:\Users\lattice\Desktop\LabRAD\FPGA_firmware\Pulser_w_readout_fluorescence\photon\photon.ngc 1343157662
C:\Users\lattice\Desktop\LabRAD\FPGA_firmware\Pulser_w_readout_fluorescence\photon/dds_fifo.ngc 1343081550
C:\Users\lattice\Desktop\LabRAD\FPGA_firmware\Pulser_w_readout_fluorescence\photon/okWireIn.ngc 1343081552
C:\Users\lattice\Desktop\LabRAD\FPGA_firmware\Pulser_w_readout_fluorescence\photon/okTriggerIn.ngc 1343081552
C:\Users\lattice\Desktop\LabRAD\FPGA_firmware\Pulser_w_readout_fluorescence\photon/okWireOut.ngc 1343081552
C:\Users\lattice\Desktop\LabRAD\FPGA_firmware\Pulser_w_readout_fluorescence\photon/okBTPipeIn.ngc 1343081552
C:\Users\lattice\Desktop\LabRAD\FPGA_firmware\Pulser_w_readout_fluorescence\photon/okBTPipeOut.ngc 1343081552
C:\Users\lattice\Desktop\LabRAD\FPGA_firmware\Pulser_w_readout_fluorescence\photon/pulse_fifo.ngc 1343081553
C:\Users\lattice\Desktop\LabRAD\FPGA_firmware\Pulser_w_readout_fluorescence\photon/fifo_photon.ngc 1343081550
ipcore_dir/readout_count_fifo.ngc 1343156709
C:\Users\lattice\Desktop\LabRAD\FPGA_firmware\Pulser_w_readout_fluorescence\photon/normal_pmt_fifo.ngc 1343081552
C:\Users\lattice\Desktop\LabRAD\FPGA_firmware\Pulser_w_readout_fluorescence\photon/pulser_ram.ngc 1343081553
C:\Users\lattice\Desktop\LabRAD\FPGA_firmware\Pulser_w_readout_fluorescence\photon/okCoreHarness.ngc 1343081552
C:\Users\lattice\Desktop\LabRAD\FPGA_firmware\Pulser_w_readout_fluorescence\photon/TFIFO64x8a_64x8b.ngc 1343081550
OK
