Y:\LabRad\lattice\FPGA_firmware\Pulser_w_line_triggering_2012_12_14\photon\photon.ngc 1355533696
Y:\LabRad\lattice\FPGA_firmware\Pulser_w_line_triggering_2012_12_14\photon/dds_fifo.ngc 1354931437
Y:\LabRad\lattice\FPGA_firmware\Pulser_w_line_triggering_2012_12_14\photon/okWireIn.ngc 1354931437
Y:\LabRad\lattice\FPGA_firmware\Pulser_w_line_triggering_2012_12_14\photon/okTriggerIn.ngc 1354931437
Y:\LabRad\lattice\FPGA_firmware\Pulser_w_line_triggering_2012_12_14\photon/okWireOut.ngc 1354931437
Y:\LabRad\lattice\FPGA_firmware\Pulser_w_line_triggering_2012_12_14\photon/okBTPipeIn.ngc 1354931437
Y:\LabRad\lattice\FPGA_firmware\Pulser_w_line_triggering_2012_12_14\photon/okBTPipeOut.ngc 1354931437
Y:\LabRad\lattice\FPGA_firmware\Pulser_w_line_triggering_2012_12_14\photon/pulse_fifo.ngc 1354931437
Y:\LabRad\lattice\FPGA_firmware\Pulser_w_line_triggering_2012_12_14\photon/fifo_photon.ngc 1354931437
Y:\LabRad\lattice\FPGA_firmware\Pulser_w_line_triggering_2012_12_14\photon/normal_pmt_fifo.ngc 1354931437
ipcore_dir/readout_count_fifo.ngc 1354931437
Y:\LabRad\lattice\FPGA_firmware\Pulser_w_line_triggering_2012_12_14\photon/pulser_ram.ngc 1354931437
Y:\LabRad\lattice\FPGA_firmware\Pulser_w_line_triggering_2012_12_14\photon/okCoreHarness.ngc 1354931437
Y:\LabRad\lattice\FPGA_firmware\Pulser_w_line_triggering_2012_12_14\photon/TFIFO64x8a_64x8b.ngc 1354931437
OK
