------------------------------------------------------------
TimeQuest Timing Analyzer Summary
------------------------------------------------------------

Type  : Slow Model Setup 'clk_system'
Slack : -3.339
TNS   : -122.522

Type  : Slow Model Setup 'PLL|altpll_component|pll|clk[0]'
Slack : -2.544
TNS   : -79.503

Type  : Slow Model Setup 'clk_25'
Slack : -2.034
TNS   : -251.352

Type  : Slow Model Setup 'dds_ram_wrclock'
Slack : -1.915
TNS   : -74.972

Type  : Slow Model Setup 'bus_in_step_to_next_value'
Slack : -1.055
TNS   : -6.183

Type  : Slow Model Hold 'clk_25'
Slack : -2.209
TNS   : -2.209

Type  : Slow Model Hold 'clk_system'
Slack : -1.690
TNS   : -1.690

Type  : Slow Model Hold 'dds_ram_wrclock'
Slack : 0.368
TNS   : 0.000

Type  : Slow Model Hold 'PLL|altpll_component|pll|clk[0]'
Slack : 0.391
TNS   : 0.000

Type  : Slow Model Hold 'bus_in_step_to_next_value'
Slack : 0.391
TNS   : 0.000

Type  : Slow Model Recovery 'clk_system'
Slack : -2.217
TNS   : -32.742

Type  : Slow Model Recovery 'bus_in_step_to_next_value'
Slack : -0.629
TNS   : -6.290

Type  : Slow Model Removal 'bus_in_step_to_next_value'
Slack : 1.399
TNS   : 0.000

Type  : Slow Model Removal 'clk_system'
Slack : 2.777
TNS   : 0.000

Type  : Slow Model Minimum Pulse Width 'dds_ram_wrclock'
Slack : -1.880
TNS   : -902.400

Type  : Slow Model Minimum Pulse Width 'bus_in_step_to_next_value'
Slack : -1.222
TNS   : -11.222

Type  : Slow Model Minimum Pulse Width 'clk_system'
Slack : -0.500
TNS   : -56.000

Type  : Slow Model Minimum Pulse Width 'PLL|altpll_component|pll|clk[0]'
Slack : 4.000
TNS   : 0.000

Type  : Slow Model Minimum Pulse Width 'clk_25'
Slack : 17.620
TNS   : 0.000

Type  : Fast Model Setup 'dds_ram_wrclock'
Slack : -1.457
TNS   : -23.379

Type  : Fast Model Setup 'clk_system'
Slack : -1.189
TNS   : -35.146

Type  : Fast Model Setup 'clk_25'
Slack : -0.278
TNS   : -17.204

Type  : Fast Model Setup 'bus_in_step_to_next_value'
Slack : 0.057
TNS   : 0.000

Type  : Fast Model Setup 'PLL|altpll_component|pll|clk[0]'
Slack : 0.953
TNS   : 0.000

Type  : Fast Model Hold 'clk_25'
Slack : -1.346
TNS   : -1.346

Type  : Fast Model Hold 'clk_system'
Slack : -1.046
TNS   : -1.046

Type  : Fast Model Hold 'PLL|altpll_component|pll|clk[0]'
Slack : 0.215
TNS   : 0.000

Type  : Fast Model Hold 'bus_in_step_to_next_value'
Slack : 0.215
TNS   : 0.000

Type  : Fast Model Hold 'dds_ram_wrclock'
Slack : 0.411
TNS   : 0.000

Type  : Fast Model Recovery 'clk_system'
Slack : -0.702
TNS   : -9.971

Type  : Fast Model Recovery 'bus_in_step_to_next_value'
Slack : -0.004
TNS   : -0.040

Type  : Fast Model Removal 'bus_in_step_to_next_value'
Slack : 0.884
TNS   : 0.000

Type  : Fast Model Removal 'clk_system'
Slack : 1.485
TNS   : 0.000

Type  : Fast Model Minimum Pulse Width 'dds_ram_wrclock'
Slack : -1.880
TNS   : -902.400

Type  : Fast Model Minimum Pulse Width 'bus_in_step_to_next_value'
Slack : -1.222
TNS   : -11.222

Type  : Fast Model Minimum Pulse Width 'clk_system'
Slack : -0.500
TNS   : -56.000

Type  : Fast Model Minimum Pulse Width 'PLL|altpll_component|pll|clk[0]'
Slack : 4.000
TNS   : 0.000

Type  : Fast Model Minimum Pulse Width 'clk_25'
Slack : 17.620
TNS   : 0.000

------------------------------------------------------------
